warning: unused manifest key: profile.release.wasm-opt
    Checking atomicals-rs v0.1.0 (/mnt/d/atom/atomicalsR)
warning: unused import: `bitcoin::transaction::Version`
 --> src/operations/mining.rs:5:5
  |
5 | use bitcoin::transaction::Version;
  |     ^^^^^^^^^^^^^^^^^^^^^^^^^^^^^
  |
  = note: `#[warn(unused_imports)]` on by default

warning: unused import: `serde_json::json`
  --> src/operations/mining.rs:16:5
   |
16 | use serde_json::json;
   |     ^^^^^^^^^^^^^^^^

warning: unused import: `Arc20Token`
 --> src/operations/mint_ft.rs:1:54
  |
1 | use crate::types::{AtomicalsTx, arc20::{Arc20Config, Arc20Token}};
  |                                                      ^^^^^^^^^^

warning: unused imports: `MintConfig` and `MintResult`
 --> src/operations/mint_ft.rs:2:39
  |
2 | use crate::types::mint::{BitworkInfo, MintConfig, MintResult};
  |                                       ^^^^^^^^^^  ^^^^^^^^^^

warning: unused imports: `LeafVersion` and `TapTree`
  --> src/operations/mint_ft.rs:10:47
   |
10 |     psbt::Psbt, ScriptBuf, Address, taproot::{TapTree, TaprootBuilder, LeafVersion},
   |                                               ^^^^^^^                  ^^^^^^^^^^^

warning: unused import: `wasm_bindgen::prelude::*`
  --> src/operations/mint_ft.rs:15:5
   |
15 | use wasm_bindgen::prelude::*;
   |     ^^^^^^^^^^^^^^^^^^^^^^^^

warning: unused import: `bitcoin::Script`
 --> src/types/atomicals.rs:3:5
  |
3 | use bitcoin::Script;
  |     ^^^^^^^^^^^^^^^

warning: unused import: `bitcoin::Transaction`
  --> src/types/mod.rs:15:5
   |
15 | use bitcoin::Transaction;
   |     ^^^^^^^^^^^^^^^^^^^^

warning: unused imports: `Deserialize` and `Serialize`
  --> src/types/mod.rs:16:13
   |
16 | use serde::{Serialize, Deserialize};
   |             ^^^^^^^^^  ^^^^^^^^^^^

warning: unused import: `Promise`
 --> src/wallet/web/unisat.rs:7:32
  |
7 | use js_sys::{Function, Object, Promise, Reflect, Array};
  |                                ^^^^^^^

warning: unused import: `console`
  --> src/wallet/web/wizz.rs:10:23
   |
10 | use web_sys::{window, console};
   |                       ^^^^^^^

warning: unused import: `crate::types::AtomicalsTx`
 --> src/wallet/mod.rs:7:5
  |
7 | use crate::types::AtomicalsTx;
  |     ^^^^^^^^^^^^^^^^^^^^^^^^^

warning: unused import: `MintConfig`
 --> src/wasm/mod.rs:2:33
  |
2 | use crate::types::{Arc20Config, MintConfig};
  |                                 ^^^^^^^^^^

warning: unused import: `serde_json::Value`
 --> src/wasm/mod.rs:6:5
  |
6 | use serde_json::Value;
  |     ^^^^^^^^^^^^^^^^^

warning: private item shadows public glob re-export
  --> src/utils/mod.rs:1:21
   |
1  | use crate::errors::{Error, Result};
   |                     ^^^^^
   |
note: the name `Error` in the type namespace is supposed to be publicly re-exported here
  --> src/utils/mod.rs:11:9
   |
11 | pub use script::*;
   |         ^^^^^^^^^
note: but the private item here shadows it
  --> src/utils/mod.rs:1:21
   |
1  | use crate::errors::{Error, Result};
   |                     ^^^^^
   = note: `#[warn(hidden_glob_reexports)]` on by default

warning: private item shadows public glob re-export
  --> src/utils/mod.rs:1:28
   |
1  | use crate::errors::{Error, Result};
   |                            ^^^^^^
   |
note: the name `Result` in the type namespace is supposed to be publicly re-exported here
  --> src/utils/mod.rs:11:9
   |
11 | pub use script::*;
   |         ^^^^^^^^^
note: but the private item here shadows it
  --> src/utils/mod.rs:1:28
   |
1  | use crate::errors::{Error, Result};
   |                            ^^^^^^

warning: unused imports: `ScriptBuf`, `Transaction`, `TxIn`, and `TxOut`
 --> src/utils/tx_size.rs:1:15
  |
1 | use bitcoin::{Transaction, TxIn, TxOut, ScriptBuf};
  |               ^^^^^^^^^^^  ^^^^  ^^^^^  ^^^^^^^^^

warning: unused import: `log`
 --> src/utils/tx_size.rs:2:5
  |
2 | use log;
  |     ^^^

warning: unused imports: `Address`, `OP_RETURN`, `PrivateKey`, and `secp256k1::Keypair`
 --> src/utils/script.rs:3:39
  |
3 |         all::{OP_CHECKSIG, OP_ENDIF, OP_IF, OP_RETURN},
  |                                             ^^^^^^^^^
...
7 |     secp256k1::Keypair,
  |     ^^^^^^^^^^^^^^^^^^
8 |     Address, PrivateKey, Script, ScriptBuf, XOnlyPublicKey,
  |     ^^^^^^^  ^^^^^^^^^^

warning: unused variable: `tx`
   --> src/operations/mining.rs:254:9
    |
254 |     let tx = tx_wrapper.to_transaction()
    |         ^^ help: if this is intentional, prefix it with an underscore: `_tx`
    |
    = note: `#[warn(unused_variables)]` on by default

warning: unused variable: `window`
   --> src/operations/mining.rs:308:17
    |
308 |             let window = window.clone();
    |                 ^^^^^^ help: if this is intentional, prefix it with an underscore: `_window`

warning: use of deprecated associated function `bitcoin::ScriptBuf::new_v1_p2tr`: use new_p2tr instead
   --> src/operations/mint_ft.rs:100:32
    |
100 |     let tr_script = ScriptBuf::new_v1_p2tr(&secp, *child_node_xonly_pubkey, merkle_root.merkle_root());
    |                                ^^^^^^^^^^^
    |
    = note: `#[warn(deprecated)]` on by default

warning: unused variable: `mining_opts`
   --> src/operations/mint_ft.rs:259:21
    |
259 |     if let Some(ref mining_opts) = mining_options {
    |                     ^^^^^^^^^^^ help: if this is intentional, prefix it with an underscore: `_mining_opts`

warning: use of deprecated method `bitcoin::Script::is_v0_p2wpkh`: use is_p2wpkh instead
   --> src/utils/tx_size.rs:121:26
    |
121 |         } else if script.is_v0_p2wpkh() {
    |                          ^^^^^^^^^^^^

warning: use of deprecated method `bitcoin::Script::is_v1_p2tr`: use is_p2tr instead
   --> src/utils/tx_size.rs:123:26
    |
123 |         } else if script.is_v1_p2tr() {
    |                          ^^^^^^^^^^

warning: unused import: `Serialize`
  --> src/wallet/web/wizz.rs:12:26
   |
12 | use serde::{Deserialize, Serialize};
   |                          ^^^^^^^^^

warning: unused variable: `e`
   --> src/errors/mod.rs:126:13
    |
126 |     fn from(e: bitcoin::taproot::TaprootBuilder) -> Self {
    |             ^ help: if this is intentional, prefix it with an underscore: `_e`

warning: unused variable: `worker_clone`
   --> src/operations/mining.rs:166:9
    |
166 |     let worker_clone = worker.clone();
    |         ^^^^^^^^^^^^ help: if this is intentional, prefix it with an underscore: `_worker_clone`

warning: unused variable: `e`
   --> src/operations/mining.rs:218:57
    |
218 |     let onerror_callback = Closure::wrap(Box::new(move |e: Event| {
    |                                                         ^ help: if this is intentional, prefix it with an underscore: `_e`

warning: variable does not need to be mutable
   --> src/operations/mining.rs:227:9
    |
227 |     let mut task_obj = Object::new();
    |         ----^^^^^^^^
    |         |
    |         help: remove this `mut`
    |
    = note: `#[warn(unused_mut)]` on by default

warning: unused variable: `script_type`
  --> src/operations/mint_ft.rs:50:13
   |
50 |         let script_type = ScriptType::from_script(&utxo.txout.script_pubkey)
   |             ^^^^^^^^^^^ help: if this is intentional, prefix it with an underscore: `_script_type`

warning: unused variable: `account_str`
   --> src/wallet/web/wizz.rs:126:13
    |
126 |         let account_str: String = from_value(account)?;
    |             ^^^^^^^^^^^ help: if this is intentional, prefix it with an underscore: `_account_str`

warning: unused variable: `promise`
   --> src/wallet/web/wizz.rs:154:27
    |
154 |                 if let Ok(promise) = JsFuture::from(connect_result.unchecked_into::<Promise>()).await {
    |                           ^^^^^^^ help: if this is intentional, prefix it with an underscore: `_promise`

warning: unused variable: `commit_psbt`
  --> src/wallet/mod.rs:40:49
   |
40 |     async fn sign_atomicals_transactions(&self, commit_psbt: Psbt, reveal_psbt: Psbt) -> Result<(Transaction, Transaction)> {
   |                                                 ^^^^^^^^^^^ help: if this is intentional, prefix it with an underscore: `_commit_psbt`

warning: unused variable: `reveal_psbt`
  --> src/wallet/mod.rs:40:68
   |
40 |     async fn sign_atomicals_transactions(&self, commit_psbt: Psbt, reveal_psbt: Psbt) -> Result<(Transaction, Transaction)> {
   |                                                                    ^^^^^^^^^^^ help: if this is intentional, prefix it with an underscore: `_reveal_psbt`

warning: field `cache` is never read
  --> src/wallet/web/wizz.rs:22:5
   |
18 | struct UtxoResponse {
   |        ------------ field in this struct
...
22 |     cache: bool,
   |     ^^^^^
   |
   = note: `UtxoResponse` has a derived impl for the trait `Debug`, but this is intentionally ignored during dead code analysis
   = note: `#[warn(dead_code)]` on by default

warning: fields `atomicals` and `global` are never read
  --> src/wallet/web/wizz.rs:27:5
   |
26 | struct ResponseData {
   |        ------------ fields in this struct
27 |     atomicals: Value,
   |     ^^^^^^^^^
28 |     global: GlobalInfo,
   |     ^^^^^^
   |
   = note: `ResponseData` has a derived impl for the trait `Debug`, but this is intentionally ignored during dead code analysis

warning: fields `atomical_count`, `height`, `network`, `server_time`, and `other` are never read
  --> src/wallet/web/wizz.rs:34:5
   |
33 | struct GlobalInfo {
   |        ---------- fields in this struct
34 |     atomical_count: u32,
   |     ^^^^^^^^^^^^^^
35 |     height: u32,
   |     ^^^^^^
36 |     network: String,
   |     ^^^^^^^
37 |     server_time: String,
   |     ^^^^^^^^^^^
38 |     #[serde(flatten)]
39 |     other: Value,
   |     ^^^^^
   |
   = note: `GlobalInfo` has a derived impl for the trait `Debug`, but this is intentionally ignored during dead code analysis

warning: field `index` is never read
  --> src/wallet/web/wizz.rs:48:5
   |
43 | struct UtxoItem {
   |        -------- field in this struct
...
48 |     index: u32,
   |     ^^^^^
   |
   = note: `UtxoItem` has a derived impl for the trait `Debug`, but this is intentionally ignored during dead code analysis

warning: fields `block_size`, `block_vsize`, `n_tx`, `total_fees`, and `fee_range` are never read
  --> src/wallet/web/wizz.rs:56:5
   |
54 | struct MempoolBlock {
   |        ------------ fields in this struct
55 |     #[serde(rename = "blockSize")]
56 |     block_size: f64,
   |     ^^^^^^^^^^
57 |     #[serde(rename = "blockVSize")]
58 |     block_vsize: f64,
   |     ^^^^^^^^^^^
59 |     #[serde(rename = "nTx")]
60 |     n_tx: u32,
   |     ^^^^
61 |     #[serde(rename = "totalFees")]
62 |     total_fees: f64,
   |     ^^^^^^^^^^
...
66 |     fee_range: Vec<f64>,
   |     ^^^^^^^^^
   |
   = note: `MempoolBlock` has a derived impl for the trait `Debug`, but this is intentionally ignored during dead code analysis

warning: field `account` is never read
  --> src/wallet/web/wizz.rs:73:5
   |
71 | pub struct WizzProvider {
   |            ------------ field in this struct
72 |     wallet: Object,
73 |     account: Option<String>,
   |     ^^^^^^^
   |
   = note: `WizzProvider` has a derived impl for the trait `Debug`, but this is intentionally ignored during dead code analysis

warning: `atomicals-rs` (lib) generated 41 warnings (run `cargo fix --lib -p atomicals-rs` to apply 18 suggestions)
    Finished `dev` profile [unoptimized + debuginfo] target(s) in 10.22s
